// Jest Snapshot v1, https://goo.gl/fbAQLP

exports[`should get an album by id 1`] = `
Object {
  "artist": Object {
    "collageArtwork": Array [
      "https://upload.wikimedia.org/wikipedia/en/3/31/G-Eazy_-_The_Beautiful_%26_Damned.png",
      "https://upload.wikimedia.org/wikipedia/en/7/7a/G-Eazy_These_Things_Happen.jpg",
      "https://upload.wikimedia.org/wikipedia/en/d/d7/G-Eazy_When_Its_Dark_Out.jpg",
      "https://is5-ssl.mzstatic.com/image/thumb/Music71/v4/e6/c1/f8/e6c1f863-2269-2920-b5f0-74482fbbddd9/886446252223.jpg/1200x1200bb.jpg",
    ],
    "id": "00000000000000000000000000000004",
    "name": "G-Eazy",
  },
  "duration": 4462,
  "id": "00000000000000000000000000000004",
  "name": "The Beautiful & Damned",
  "releaseYear": 2017,
  "songs": Array [
    Object {
      "diskNumber": 1,
      "id": "00000000000000000000000000000004",
      "name": "The Beautiful & Damned",
      "trackNumber": 1,
    },
    Object {
      "diskNumber": 1,
      "id": "00000000000000000000000000000005",
      "name": "Pray for Me",
      "trackNumber": 2,
    },
    Object {
      "diskNumber": 1,
      "id": "00000000000000000000000000000006",
      "name": "Him & I",
      "trackNumber": 3,
    },
    Object {
      "diskNumber": 1,
      "id": "00000000000000000000000000000007",
      "name": "But a Dream",
      "trackNumber": 4,
    },
    Object {
      "diskNumber": 1,
      "id": "00000000000000000000000000000008",
      "name": "Sober",
      "trackNumber": 5,
    },
    Object {
      "diskNumber": 1,
      "id": "00000000000000000000000000000009",
      "name": "Legend",
      "trackNumber": 6,
    },
    Object {
      "diskNumber": 1,
      "id": "0000000000000000000000000000000a",
      "name": "No Limit",
      "trackNumber": 7,
    },
    Object {
      "diskNumber": 1,
      "id": "0000000000000000000000000000000b",
      "name": "The Plan",
      "trackNumber": 8,
    },
    Object {
      "diskNumber": 1,
      "id": "0000000000000000000000000000000c",
      "name": "That's a Lot",
      "trackNumber": 9,
    },
    Object {
      "diskNumber": 1,
      "id": "0000000000000000000000000000000d",
      "name": "Pick Me Up",
      "trackNumber": 10,
    },
    Object {
      "diskNumber": 1,
      "id": "0000000000000000000000000000000e",
      "name": "Gotdamn",
      "trackNumber": 11,
    },
    Object {
      "diskNumber": 1,
      "id": "0000000000000000000000000000000f",
      "name": "Leviathan",
      "trackNumber": 12,
    },
    Object {
      "diskNumber": 1,
      "id": "00000000000000000000000000000010",
      "name": "Crash & Burn",
      "trackNumber": 13,
    },
    Object {
      "diskNumber": 1,
      "id": "00000000000000000000000000000011",
      "name": "Summer in December",
      "trackNumber": 14,
    },
    Object {
      "diskNumber": 1,
      "id": "00000000000000000000000000000012",
      "name": "Charles Brown",
      "trackNumber": 15,
    },
    Object {
      "diskNumber": 1,
      "id": "00000000000000000000000000000013",
      "name": "No Less",
      "trackNumber": 16,
    },
    Object {
      "diskNumber": 1,
      "id": "00000000000000000000000000000014",
      "name": "Mama Always Told Me",
      "trackNumber": 17,
    },
    Object {
      "diskNumber": 1,
      "id": "00000000000000000000000000000015",
      "name": "Fly Away",
      "trackNumber": 18,
    },
    Object {
      "diskNumber": 1,
      "id": "00000000000000000000000000000016",
      "name": "Love Is Gone",
      "trackNumber": 19,
    },
    Object {
      "diskNumber": 1,
      "id": "00000000000000000000000000000017",
      "name": "Eazy",
      "trackNumber": 20,
    },
  ],
}
`;
