// Jest Snapshot v1, https://goo.gl/fbAQLP

exports[`should get a song by id 1`] = `
Object {
  "song": Object {
    "album": Object {
      "duration": 211,
      "id": "00000000000000000000000000000002",
      "lastPlayed": null,
      "name": "I'm That (Remix)",
      "releaseYear": 2015,
    },
    "artists": Array [
      Object {
        "id": "00000000000000000000000000000002",
        "lastPlayed": null,
        "name": "R. City",
      },
      Object {
        "id": "00000000000000000000000000000015",
        "lastPlayed": null,
        "name": "Beenie Man",
      },
      Object {
        "id": "00000000000000000000000000000016",
        "lastPlayed": null,
        "name": "Azealia Banks",
      },
    ],
    "diskNumber": 1,
    "id": "00000000000000000000000000000002",
    "lastPlayed": null,
    "liked": false,
    "name": "I'm That (Remix)",
    "playCount": 0,
    "trackNumber": 1,
  },
}
`;
