// Jest Snapshot v1, https://goo.gl/fbAQLP

exports[`should get an album by id 1`] = `
Object {
  "artist": Object {
    "id": "artist:4",
    "name": "G-Eazy",
  },
  "artworkUrl": "https://upload.wikimedia.org/wikipedia/en/3/31/G-Eazy_-_The_Beautiful_%26_Damned.png",
  "duration": 4462,
  "id": "album:4",
  "name": "The Beautiful & Damned",
  "releaseYear": 2017,
  "songs": Array [
    Object {
      "diskNumber": 1,
      "id": "song:4:1",
      "name": "The Beautiful & Damned",
      "streamUrl": "/music/track.mp3",
      "trackNumber": 1,
    },
    Object {
      "diskNumber": 1,
      "id": "song:4:2",
      "name": "Pray for Me",
      "streamUrl": "/music/track.mp3",
      "trackNumber": 2,
    },
    Object {
      "diskNumber": 1,
      "id": "song:4:3",
      "name": "Him & I",
      "streamUrl": "/music/track.mp3",
      "trackNumber": 3,
    },
    Object {
      "diskNumber": 1,
      "id": "song:4:4",
      "name": "But a Dream",
      "streamUrl": "/music/track.mp3",
      "trackNumber": 4,
    },
    Object {
      "diskNumber": 1,
      "id": "song:4:5",
      "name": "Sober",
      "streamUrl": "/music/track.mp3",
      "trackNumber": 5,
    },
    Object {
      "diskNumber": 1,
      "id": "song:4:6",
      "name": "Legend",
      "streamUrl": "/music/track.mp3",
      "trackNumber": 6,
    },
    Object {
      "diskNumber": 1,
      "id": "song:4:7",
      "name": "No Limit",
      "streamUrl": "/music/track.mp3",
      "trackNumber": 7,
    },
    Object {
      "diskNumber": 1,
      "id": "song:4:8",
      "name": "The Plan",
      "streamUrl": "/music/track.mp3",
      "trackNumber": 8,
    },
    Object {
      "diskNumber": 1,
      "id": "song:4:9",
      "name": "That's a Lot",
      "streamUrl": "/music/track.mp3",
      "trackNumber": 9,
    },
    Object {
      "diskNumber": 1,
      "id": "song:4:10",
      "name": "Pick Me Up",
      "streamUrl": "/music/track.mp3",
      "trackNumber": 10,
    },
    Object {
      "diskNumber": 1,
      "id": "song:4:11",
      "name": "Gotdamn",
      "streamUrl": "/music/track.mp3",
      "trackNumber": 11,
    },
    Object {
      "diskNumber": 1,
      "id": "song:4:12",
      "name": "Leviathan",
      "streamUrl": "/music/track.mp3",
      "trackNumber": 12,
    },
    Object {
      "diskNumber": 1,
      "id": "song:4:13",
      "name": "Crash & Burn",
      "streamUrl": "/music/track.mp3",
      "trackNumber": 13,
    },
    Object {
      "diskNumber": 1,
      "id": "song:4:14",
      "name": "Summer in December",
      "streamUrl": "/music/track.mp3",
      "trackNumber": 14,
    },
    Object {
      "diskNumber": 1,
      "id": "song:4:15",
      "name": "Charles Brown",
      "streamUrl": "/music/track.mp3",
      "trackNumber": 15,
    },
    Object {
      "diskNumber": 1,
      "id": "song:4:16",
      "name": "No Less",
      "streamUrl": "/music/track.mp3",
      "trackNumber": 16,
    },
    Object {
      "diskNumber": 1,
      "id": "song:4:17",
      "name": "Mama Always Told Me",
      "streamUrl": "/music/track.mp3",
      "trackNumber": 17,
    },
    Object {
      "diskNumber": 1,
      "id": "song:4:18",
      "name": "Fly Away",
      "streamUrl": "/music/track.mp3",
      "trackNumber": 18,
    },
    Object {
      "diskNumber": 1,
      "id": "song:4:19",
      "name": "Love Is Gone",
      "streamUrl": "/music/track.mp3",
      "trackNumber": 19,
    },
    Object {
      "diskNumber": 1,
      "id": "song:4:20",
      "name": "Eazy",
      "streamUrl": "/music/track.mp3",
      "trackNumber": 20,
    },
  ],
}
`;
