// Jest Snapshot v1, https://goo.gl/fbAQLP

exports[`should get a playlist by id 1`] = `
Object {
  "playlist": Object {
    "description": "",
    "duration": 481,
    "id": "00000000000000000000000000000001",
    "items": Object {
      "edges": Array [
        Object {
          "node": Object {
            "id": "1:0",
            "song": Object {
              "diskNumber": 1,
              "id": "00000000000000000000000000000002",
              "name": "I'm That (Remix)",
              "streamUrl": "/music/track.mp3",
              "trackNumber": 1,
            },
          },
        },
        Object {
          "node": Object {
            "id": "1:1",
            "song": Object {
              "diskNumber": 1,
              "id": "00000000000000000000000000000003",
              "name": "Bugatti",
              "streamUrl": "/music/track.mp3",
              "trackNumber": 1,
            },
          },
        },
      ],
    },
    "name": "Quick Jam Session",
  },
}
`;
